
> sistema-de-taller@1.0.0 build
> next build

  Ôû▓ Next.js 14.2.35
  - Environments: .env.local

   Creating an optimized production build ...
 Ô£ô Compiled successfully
   Skipping validation of types
   Skipping linting
   Collecting page data ...
   Generating static pages (0/24) ...
   Generating static pages (6/24) 
   Generating static pages (12/24) 
   Generating static pages (18/24) 
 Ô£ô Generating static pages (24/24)
   Finalizing page optimization ...
   Collecting build traces ...

Route (app)                              Size     First Load JS
Ôöî Ôùï /                                    5.46 kB        92.9 kB
Ôö£ Ôùï /_not-found                          873 B          88.3 kB
Ôö£ Ôùï /admin                               6.5 kB          103 kB
Ôö£ Ôùï /admin/configuracion                 4.96 kB        92.4 kB
Ôö£ Ôùï /admin/cuenta                        2.42 kB        89.9 kB
Ôö£ Ôùï /admin/inventario                    4.65 kB        92.1 kB
Ôö£ Ôùï /admin/login                         2.21 kB        89.7 kB
Ôö£ Ôùï /admin/nueva-orden                   6.93 kB         104 kB
Ôö£ Ôùï /admin/ordenes                       4.29 kB         101 kB
Ôö£ ãÆ /admin/ordenes/[id]                  10.6 kB         107 kB
Ôö£ Ôùï /admin/reportes                      3.89 kB        91.4 kB
Ôö£ Ôùï /admin/servicios                     3.56 kB          91 kB
Ôö£ ãÆ /api/auth/change-password            0 B                0 B
Ôö£ ãÆ /api/auth/login                      0 B                0 B
Ôö£ ãÆ /api/auth/logout                     0 B                0 B
Ôö£ Ôùï /api/backup                          0 B                0 B
Ôö£ ãÆ /api/export                          0 B                0 B
Ôö£ ãÆ /api/notifications                   0 B                0 B
Ôö£ ãÆ /api/notifications/[id]              0 B                0 B
Ôö£ ãÆ /api/orders                          0 B                0 B
Ôö£ ãÆ /api/orders/[id]                     0 B                0 B
Ôö£ ãÆ /api/orders/[id]/budget              0 B                0 B
Ôö£ ãÆ /api/orders/portal/[orderNumber]     0 B                0 B
Ôö£ ãÆ /api/orders/search                   0 B                0 B
Ôö£ ãÆ /api/orders/verify                   0 B                0 B
Ôö£ ãÆ /api/parts                           0 B                0 B
Ôö£ ãÆ /api/parts/[id]                      0 B                0 B
Ôö£ ãÆ /api/services                        0 B                0 B
Ôö£ ãÆ /api/services/[id]                   0 B                0 B
Ôö£ ãÆ /api/settings                        0 B                0 B
Ôöö ãÆ /orden/[orderNumber]                 6.89 kB        94.3 kB
+ First Load JS shared by all            87.5 kB
  Ôö£ chunks/117-22f4f9f4adf3fd71.js       31.7 kB
  Ôö£ chunks/fd9d1056-7c8cb799e19c27d1.js  53.6 kB
  Ôöö other shared chunks (total)          2.08 kB


ãÆ Middleware                             27.3 kB

Ôùï  (Static)   prerendered as static content
ãÆ  (Dynamic)  server-rendered on demand

